Warning: Building for device with codesigning disabled. You will have to manually codesign before deploying to device.
Building com.example.watermanIattandance for device (ios-release)...
Running pod install...                                           2,034ms
Running Xcode build...                                          
 └─Compiling, linking and signing...                      2,778ms
Xcode build done.                                            9.3s
Failed to build iOS app
Error output from Xcode build:
↳
    ** BUILD FAILED **


Xcode's output:
↳
    Writing result bundle at path:
    	/var/folders/9_/nt4j81n94b7_5c95b5csvt4h0000gn/T/flutter_tools.QYTcjv/flutter_ios_build_temp_dirnfPWlw/temporary_xcresult_bundle

    /Volumes/Mac\ Mini\ Secoundry\ Drive/Xcode.app/Contents/Developer/Toolchains/XcodeDefault.xctoolchain/usr/bin/clang -cc1 -Wundef-prefix\=TARGET_OS_ -fdiagnostics-show-note-include-stack -fmacro-backtrace-limit\=0 -ferror-limit 19 -serialize-diagnostic-file /Volumes/Mac\ Mini\ Secoundry\ Drive/Flutter\ Projects\ New/waterman_iattendance_flutter/ios/DerivedData2/Runner/Build/Intermediates.noindex/ExplicitPrecompiledModules/firebase_messaging-DTBA02RN8U0RO7RMCLS3IBC2A.dia -Wdeprecated-objc-isa-usage -Werror\=deprecated-objc-isa-usage -Werror\=implicit-function-declaration -Wnon-modular-include-in-framework-module -Werror\=non-modular-include-in-framework-module -Wno-trigraphs -Wno-missing-field-initializers -Wno-missing-prototypes -Werror\=return-type -Wunreachable-code -Wno-implicit-atomic-properties -Werror\=deprecated-objc-isa-usage -Wno-objc-interface-ivars -Werror\=objc-root-class -Wno-arc-repeated-use-of-weak -Wimplicit-retain-self -Wduplicate-method-match -Wno-missing-braces -Wparentheses -Wswitch -Wunused-function -Wno-unused-label -Wno-unused-parameter -Wunused-variable -Wunused-value -Wempty-body -Wuninitialized -Wconditional-uninitialized -Wno-unknown-pragmas -Wno-shadow -Wno-four-char-constants -Wno-conversion -Wconstant-conversion -Wint-conversion -Wbool-conversion -Wenum-conversion -Wno-float-conversion -Wnon-literal-null-conversion -Wobjc-literal-conversion -Wshorten-64-to-32 -Wpointer-sign -Wno-newline-eof -Wno-selector -Wno-strict-selector-match -Wundeclared-selector -Wdeprecated-implementations -Wno-implicit-fallthrough -Wprotocol -Wdeprecated-declarations -Wno-sign-conversion -Winfinite-recursion -Wcomma -Wblock-capture-autoreleasing -Wstrict-prototypes -Wno-semicolon-before-method-body -Wno-reorder-init-list -Wno-implicit-int-float-conversion -Wno-c99-designator -Wno-final-dtor-non-final-class -Wno-extra-semi-stmt -Wno-misleading-indentation -Wno-quoted-include-in-framework-header -Wno-implicit-fallthrough -Wno-enum-enum-conversion -Wno-enum-float-conversion -Wno-elaborated-enum-base -Wno-reserved-identifier -Wno-gnu-folding-constant -fmodule-map-file\=/Volumes/Mac\ Mini\ Secoundry\ Drive/Flutter\ Projects\ New/waterman_iattendance_flutter/build/ios/Release-iphoneos/Flutter.framework/Modules/module.modulemap -fmodule-map-file\=/Volumes/Mac\ Mini\ Secoundry\ Drive/Flutter\ Projects\ New/waterman_iattendance_flutter/build/ios/Release-iphoneos/FirebaseCore/FirebaseCore.framework/Modules/module.modulemap -fmodule-map-file\=/Volumes/Mac\ Mini\ Secoundry\ Drive/Flutter\ Projects\ New/waterman_iattendance_flutter/build/ios/Release-iphoneos/XCFrameworkIntermediates/FirebaseAnalytics/AdIdSupport/FirebaseAnalytics.framework/Modules/module.modulemap -fmodule-map-file\=/Volumes/Mac\ Mini\ Secoundry\ Drive/Flutter\ Projects\ New/waterman_iattendance_flutter/build/ios/Release-iphoneos/FirebaseAuth/FirebaseAuth.framework/Modules/module.modulemap -fmodule-map-file\=/Volumes/Mac\ Mini\ Secoundry\ Drive/Flutter\ Projects\ New/waterman_iattendance_flutter/build/ios/Release-iphoneos/FirebaseCrashlytics/FirebaseCrashlytics.framework/Modules/module.modulemap -fmodule-map-file\=/Volumes/Mac\ Mini\ Secoundry\ Drive/Flutter\ Projects\ New/waterman_iattendance_flutter/build/ios/Release-iphoneos/FirebaseInstallations/FirebaseInstallations.framework/Modules/module.modulemap -fmodule-map-file\=/Volumes/Mac\ Mini\ Secoundry\ Drive/Flutter\ Projects\ New/waterman_iattendance_flutter/build/ios/Release-iphoneos/FirebaseMessaging/FirebaseMessaging.framework/Modules/module.modulemap -fmodule-map-file\=/Volumes/Mac\ Mini\ Secoundry\ Drive/Flutter\ Projects\ New/waterman_iattendance_flutter/build/ios/Release-iphoneos/FirebaseRemoteConfig/FirebaseRemoteConfig.framework/Modules/module.modulemap -fmodule-map-file\=/Volumes/Mac\ Mini\ Secoundry\ Drive/Flutter\ Projects\ New/waterman_iattendance_flutter/build/ios/Release-iphoneos/firebase_core/firebase_core.framework/Modules/module.modulemap -fmodule-map-file\=/Volumes/Mac\ Mini\ Secoundry\ Drive/Xcode.app/Contents/Developer/Platforms/iPhoneOS.platform/Developer/SDKs/iPhoneOS18.2.sdk/System/Library/Frameworks/UIKit.framework/Modules/module.modulemap -fmodule-map-file\=/Volumes/Mac\ Mini\ Secoundry\ Drive/Xcode.app/Contents/Developer/Platforms/iPhoneOS.platform/Developer/SDKs/iPhoneOS18.2.sdk/usr/include/TargetConditionals.modulemap -fmodule-map-file\=/Volumes/Mac\ Mini\ Secoundry\ Drive/Xcode.app/Contents/Developer/Platforms/iPhoneOS.platform/Developer/SDKs/iPhoneOS18.2.sdk/System/Library/Frameworks/Foundation.framework/Modules/module.modulemap -fmodule-map-file\=/Volumes/Mac\ Mini\ Secoundry\ Drive/Xcode.app/Contents/Developer/Platforms/iPhoneOS.platform/Developer/SDKs/iPhoneOS18.2.sdk/System/Library/Frameworks/UserNotifications.framework/Modules/module.modulemap -o /Volumes/Mac\ Mini\ Secoundry\ Drive/Flutter\ Projects\ New/waterman_iattendance_flutter/ios/DerivedData2/Runner/Build/Intermediates.noindex/ExplicitPrecompiledModules/firebase_messaging-DTBA02RN8U0RO7RMCLS3IBC2A.pcm -disable-free -emit-module -x objective-c /Volumes/Mac\ Mini\ Secoundry\ Drive/Flutter\ Projects\ New/waterman_iattendance_flutter/build/ios/Release-iphoneos/firebase_messaging/firebase_messaging.framework/Modules/module.modulemap -target-abi darwinpcs -target-cpu apple-a7 -target-feature +v8a -target-feature +aes -target-feature +fp-armv8 -target-feature +sha2 -target-feature +neon -target-feature +zcm -target-feature +zcz -triple arm64-apple-ios14.0.0 -target-linker-version 1115.7.3 -target-sdk-version\=18.2 -fmodules-validate-system-headers -fno-modules-prune-non-affecting-module-map-files -fno-modulemap-allow-subdirectory-search -isysroot /Volumes/Mac\ Mini\ Secoundry\ Drive/Xcode.app/Contents/Developer/Platforms/iPhoneOS.platform/Developer/SDKs/iPhoneOS18.2.sdk -resource-dir /Volumes/Mac\ Mini\ Secoundry\ Drive/Xcode.app/Contents/Developer/Toolchains/XcodeDefault.xctoolchain/usr/lib/clang/16 -fmodule-format\=obj -fmodule-file\=FirebaseAnalytics\=/Volumes/Mac\ Mini\ Secoundry\ Drive/Flutter\ Projects\ New/waterman_iattendance_flutter/ios/DerivedData2/Runner/Build/Intermediates.noindex/ExplicitPrecompiledModules/FirebaseAnalytics-8WG0Y797UAU5NBC4UN9JOJGUQ.pcm -fmodule-file\=FirebaseAuth\=/Volumes/Mac\ Mini\ Secoundry\ Drive/Flutter\ Projects\ New/waterman_iattendance_flutter/ios/DerivedData2/Runner/Build/Intermediates.noindex/ExplicitPrecompiledModules/FirebaseAuth-5KYZECAQ4YMW72PH0BLMW506M.pcm -fmodule-file\=FirebaseCore\=/Volumes/Mac\ Mini\ Secoundry\ Drive/Flutter\ Projects\ New/waterman_iattendance_flutter/ios/DerivedData2/Runner/Build/Intermediates.noindex/ExplicitPrecompiledModules/FirebaseCore-9I58CSNCI6043ENM8RS983KBX.pcm -fmodule-file\=FirebaseCrashlytics\=/Volumes/Mac\ Mini\ Secoundry\ Drive/Flutter\ Projects\ New/waterman_iattendance_flutter/ios/DerivedData2/Runner/Build/Intermediates.noindex/ExplicitPrecompiledModules/FirebaseCrashlytics-3O0IZ0XP9KA7N68FVJ0RHBTA0.pcm -fmodule-file\=FirebaseInstallations\=/Volumes/Mac\ Mini\ Secoundry\ Drive/Flutter\ Projects\ New/waterman_iattendance_flutter/ios/DerivedData2/Runner/Build/Intermediates.noindex/ExplicitPrecompiledModules/FirebaseInstallations-7JL4HA59L2NVLVQG8SQ13DMYC.pcm -fmodule-file\=FirebaseMessaging\=/Volumes/Mac\ Mini\ Secoundry\ Drive/Flutter\ Projects\ New/waterman_iattendance_flutter/ios/DerivedData2/Runner/Build/Intermediates.noindex/ExplicitPrecompiledModules/FirebaseMessaging-7262REKMAT7QU5YAG1ZCHLX0W.pcm -fmodule-file\=FirebaseRemoteConfig\=/Volumes/Mac\ Mini\ Secoundry\ Drive/Flutter\ Projects\ New/waterman_iattendance_flutter/ios/DerivedData2/Runner/Build/Intermediates.noindex/ExplicitPrecompiledModules/FirebaseRemoteConfig-4X8WBAOWHZ20X0MKSH80HZ0TG.pcm -fmodule-file\=Flutter\=/Volumes/Mac\ Mini\ Secoundry\ Drive/Flutter\ Projects\ New/waterman_iattendance_flutter/ios/DerivedData2/Runner/Build/Intermediates.noindex/ExplicitPrecompiledModules/Flutter-EKA8TA5LVYZ6MILH0HNYDHRNP.pcm -fmodule-file\=Foundation\=/Volumes/Mac\ Mini\ Secoundry\ Drive/Flutter\ Projects\ New/waterman_iattendance_flutter/ios/DerivedData2/Runner/Build/Intermediates.noindex/ExplicitPrecompiledModules/Foundation-8P97IF5GAH5UVMQP84GY5SIYQ.pcm -fmodule-file\=TargetConditionals\=/Volumes/Mac\ Mini\ Secoundry\ Drive/Flutter\ Projects\ New/waterman_iattendance_flutter/ios/DerivedData2/Runner/Build/Intermediates.noindex/ExplicitPrecompiledModules/TargetConditionals-3RKDU1THX20RE0VGCN2DFEDC4.pcm -fmodule-file\=UIKit\=/Volumes/Mac\ Mini\ Secoundry\ Drive/Flutter\ Projects\ New/waterman_iattendance_flutter/ios/DerivedData2/Runner/Build/Intermediates.noindex/ExplicitPrecompiledModules/UIKit-7072X6L5JUDVTD0L4SF760CVX.pcm -fmodule-file\=UserNotifications\=/Volumes/Mac\ Mini\ Secoundry\ Drive/Flutter\ Projects\ New/waterman_iattendance_flutter/ios/DerivedData2/Runner/Build/Intermediates.noindex/ExplicitPrecompiledModules/UserNotifications-DGSVN5W78UG6D1HJ5RQTSW8PU.pcm -fmodule-file\=firebase_core\=/Volumes/Mac\ Mini\ Secoundry\ Drive/Flutter\ Projects\ New/waterman_iattendance_flutter/ios/DerivedData2/Runner/Build/Intermediates.noindex/ExplicitPrecompiledModules/firebase_core-BINUQ03TH0Y29N0TQSB0Q26Q0.pcm -I /Volumes/Mac\ Mini\ Secoundry\ Drive/Flutter\ Projects\ New/waterman_iattendance_flutter/ios/Pods/Headers/Public -F /Volumes/Mac\ Mini\ Secoundry\ Drive/Flutter\ Projects\ New/waterman_iattendance_flutter/build/ios/Release-iphoneos -F /Volumes/Mac\ Mini\ Secoundry\ Drive/Flutter\ Projects\ New/waterman_iattendance_flutter/build/ios/Release-iphoneos/FirebaseAuth -F /Volumes/Mac\ Mini\ Secoundry\ Drive/Flutter\ Projects\ New/waterman_iattendance_flutter/build/ios/Release-iphoneos/FirebaseCore -F /Volumes/Mac\ Mini\ Secoundry\ Drive/Flutter\ Projects\ New/waterman_iattendance_flutter/build/ios/Release-iphoneos/FirebaseCrashlytics -F /Volumes/Mac\ Mini\ Secoundry\ Drive/Flutter\ Projects\ New/waterman_iattendance_flutter/build/ios/Release-iphoneos/FirebaseInstallations -F /Volumes/Mac\ Mini\ Secoundry\ Drive/Flutter\ Projects\ New/waterman_iattendance_flutter/build/ios/Release-iphoneos/FirebaseMessaging -F /Volumes/Mac\ Mini\ Secoundry\ Drive/Flutter\ Projects\ New/waterman_iattendance_flutter/build/ios/Release-iphoneos/FirebaseRemoteConfig -F /Volumes/Mac\ Mini\ Secoundry\ Drive/Flutter\ Projects\ New/waterman_iattendance_flutter/build/ios/Release-iphoneos/firebase_core -F /Volumes/Mac\ Mini\ Secoundry\ Drive/Flutter\ Projects\ New/waterman_iattendance_flutter/build/ios/Release-iphoneos/XCFrameworkIntermediates/FirebaseAnalytics/AdIdSupport -isystem /Volumes/Mac\ Mini\ Secoundry\ Drive/Xcode.app/Contents/Developer/Toolchains/XcodeDefault.xctoolchain/usr/lib/clang/16/include -internal-externc-isystem /Volumes/Mac\ Mini\ Secoundry\ Drive/Xcode.app/Contents/Developer/Platforms/iPhoneOS.platform/Developer/SDKs/iPhoneOS18.2.sdk/usr/include -ivfsstatcache /Volumes/Mac\ Mini\ Secoundry\ Drive/Flutter\ Projects\ New/waterman_iattendance_flutter/ios/DerivedData2/SDKStatCaches.noindex/iphoneos18.2-22C146-a7ac0459b52439ed49d566198e77fc6f.sdkstatcache -std\=gnu99 -fexceptions -fmodules -fmodule-name\=firebase_messaging -fmodules-search-all -fno-implicit-modules -fobjc-exceptions -fmax-type-align\=16 -fstack-check -mdarwin-stkchk-strong-link -fno-odr-hash-protocols -pic-level 2 -disable-objc-default-synthesize-properties -stack-protector 1 -fobjc-runtime\=ios-14.0.0 -fobjc-arc -fobjc-runtime-has-weak -fobjc-weak -fgnuc-version\=4.2.1 -fblocks -ffp-contract\=off -fclang-abi-compat\=4.0 -fno-experimental-relative-c++-abi-vtables -fno-file-reproducible -clang-vendor-feature\=+disableNonDependentMemberExprInCurrentInstantiation -clang-vendor-feature\=+enableAggressiveVLAFolding -clang-vendor-feature\=+revert09abecef7bbf -clang-vendor-feature\=+thisNoAlignAttr -clang-vendor-feature\=+thisNoNullAttr -clang-vendor-feature\=+disableAtImportPrivateFrameworkInImplementationError -O2 -fcommon -fno-sanitize-address-use-odr-indicator -fno-sanitize-memory-param-retval -fmerge-all-constants -fno-verbose-asm -fregister-global-dtors-with-atexit -fno-use-init-array -funique-basic-block-section-names -dwarf-version\=4 -debugger-tuning\=lldb -llvm-verify-each -dwarf-ext-refs -no-struct-path-tbaa -fexperimental-assignment-tracking\=disabled -no-enable-noundef-analysis -stack-protector-buffer-size 0 -finline-functions -debug-info-kind\=standalone -Os -fno-unroll-loops -fdiagnostics-hotness-threshold\=0 -fdiagnostics-misexpect-tolerance\=0 -fno-split-cold-code -D COCOAPODS\=1 -D NS_BLOCK_ASSERTIONS\=1 -D OBJC_OLD_DISPATCH_PROTOTYPES\=0 -D PB_ENABLE_MALLOC\=1 -D PB_FIELD_32BIT\=1 -D PB_NO_PACKED_STRUCTS\=1 -D __GCC_HAVE_DWARF2_CFI_ASM\=1 -MT moduledependenciestarget -dependency-file /Volumes/Mac\ Mini\ Secoundry\ Drive/Flutter\ Projects\ New/waterman_iattendance_flutter/ios/DerivedData2/Runner/Build/Intermediates.noindex/ExplicitPrecompiledModules/firebase_messaging-DTBA02RN8U0RO7RMCLS3IBC2A.d -skip-unused-modulemap-deps
    While building module 'firebase_messaging':
    In file included from <module-includes>:1:
    In file included from /Volumes/Mac Mini Secoundry Drive/Flutter Projects New/waterman_iattendance_flutter/build/ios/Release-iphoneos/firebase_messaging/firebase_messaging.framework/Headers/firebase_messaging-umbrella.h:13:
    /Volumes/Mac Mini Secoundry Drive/Flutter Projects New/waterman_iattendance_flutter/build/ios/Release-iphoneos/firebase_messaging/firebase_messaging.framework/Headers/FLTFirebaseMessagingPlugin.h:12:9: error: include of non-modular header inside framework module 'firebase_messaging.FLTFirebaseMessagingPlugin': '/Volumes/Mac Mini Secoundry Drive/Flutter Projects New/waterman_iattendance_flutter/ios/Pods/Headers/Public/Firebase/Firebase.h' [-Werror,-Wnon-modular-include-in-framework-module]
       12 | #import <Firebase/Firebase.h>
          |         ^
    1 error generated.
    note: Disabling previews because SWIFT_VERSION is set and SWIFT_OPTIMIZATION_LEVEL=-O, expected -Onone (in target 'firebase_messaging-firebase_messaging_Privacy' from project 'Pods')
    note: Disabling previews because SWIFT_VERSION is set and SWIFT_OPTIMIZATION_LEVEL=-O, expected -Onone (in target 'GoogleUtilities-GoogleUtilities_Privacy' from project 'Pods')
    note: Disabling previews because SWIFT_VERSION is set and SWIFT_OPTIMIZATION_LEVEL=-O, expected -Onone (in target 'GoogleMaps-GoogleMapsResources' from project 'Pods')
    note: Disabling previews because SWIFT_VERSION is set and SWIFT_OPTIMIZATION_LEVEL=-O, expected -Onone (in target 'FirebaseCore-FirebaseCore_Privacy' from project 'Pods')
    note: Disabling previews because SWIFT_VERSION is set and SWIFT_OPTIMIZATION_LEVEL=-O, expected -Onone (in target 'DKImagePickerController-DKImagePickerController' from project 'Pods')
    note: Disabling previews because SWIFT_VERSION is set and SWIFT_OPTIMIZATION_LEVEL=-O, expected -Onone (in target 'shared_preferences_foundation-shared_preferences_foundation_privacy' from project 'Pods')
    note: Disabling previews because SWIFT_VERSION is set and SWIFT_OPTIMIZATION_LEVEL=-O, expected -Onone (in target 'path_provider_foundation-path_provider_foundation_privacy' from project 'Pods')
    note: Disabling previews because SWIFT_VERSION is set and SWIFT_OPTIMIZATION_LEVEL=-O, expected -Onone (in target 'webview_flutter_wkwebview-webview_flutter_wkwebview_privacy' from project 'Pods')
    note: Disabling previews because SWIFT_VERSION is set and SWIFT_OPTIMIZATION_LEVEL=-O, expected -Onone (in target 'nanopb-nanopb_Privacy' from project 'Pods')
    note: Disabling previews because SWIFT_VERSION is set and SWIFT_OPTIMIZATION_LEVEL=-O, expected -Onone (in target 'google_maps_flutter_ios-google_maps_flutter_ios_privacy' from project 'Pods')
    note: Disabling previews because SWIFT_VERSION is set and SWIFT_OPTIMIZATION_LEVEL=-O, expected -Onone (in target 'package_info_plus-package_info_plus_privacy' from project 'Pods')
    note: Disabling previews because SWIFT_VERSION is set and SWIFT_OPTIMIZATION_LEVEL=-O, expected -Onone (in target 'geocoding_ios-geocoding_ios_privacy' from project 'Pods')
    note: Disabling previews because SWIFT_VERSION is set and SWIFT_OPTIMIZATION_LEVEL=-O, expected -Onone (in target 'geolocator_apple-geolocator_apple_privacy' from project 'Pods')
    note: Disabling previews because SWIFT_VERSION is set and SWIFT_OPTIMIZATION_LEVEL=-O, expected -Onone (in target 'fluttertoast-fluttertoast_privacy' from project 'Pods')
    note: Disabling previews because SWIFT_VERSION is set and SWIFT_OPTIMIZATION_LEVEL=-O, expected -Onone (in target 'flutter_local_notifications-flutter_local_notifications_privacy' from project 'Pods')
    note: Disabling previews because SWIFT_VERSION is set and SWIFT_OPTIMIZATION_LEVEL=-O, expected -Onone (in target 'image_picker_ios-image_picker_ios_privacy' from project 'Pods')
    note: Disabling previews because SWIFT_VERSION is set and SWIFT_OPTIMIZATION_LEVEL=-O, expected -Onone (in target 'file_picker-file_picker_ios_privacy' from project 'Pods')
    note: Disabling previews because SWIFT_VERSION is set and SWIFT_OPTIMIZATION_LEVEL=-O, expected -Onone (in target 'device_info_plus-device_info_plus_privacy' from project 'Pods')
    note: Disabling previews because SWIFT_VERSION is set and SWIFT_OPTIMIZATION_LEVEL=-O, expected -Onone (in target 'battery_plus-batery_plus_privacy' from project 'Pods')
    note: Disabling previews because SWIFT_VERSION is set and SWIFT_OPTIMIZATION_LEVEL=-O, expected -Onone (in target 'Toast-Toast' from project 'Pods')
    note: Disabling previews because SWIFT_VERSION is set and SWIFT_OPTIMIZATION_LEVEL=-O, expected -Onone (in target 'SwiftyGif-SwiftyGif' from project 'Pods')
    note: Disabling previews because SWIFT_VERSION is set and SWIFT_OPTIMIZATION_LEVEL=-O, expected -Onone (in target 'SDWebImage-SDWebImage' from project 'Pods')
    note: Disabling previews because SWIFT_VERSION is set and SWIFT_OPTIMIZATION_LEVEL=-O, expected -Onone (in target 'ReachabilitySwift-ReachabilitySwift' from project 'Pods')
    note: Disabling previews because SWIFT_VERSION is set and SWIFT_OPTIMIZATION_LEVEL=-O, expected -Onone (in target 'PromisesSwift-Promises_Privacy' from project 'Pods')
    note: Disabling previews because SWIFT_VERSION is set and SWIFT_OPTIMIZATION_LEVEL=-O, expected -Onone (in target 'PromisesObjC-FBLPromises_Privacy' from project 'Pods')
    note: Disabling previews because SWIFT_VERSION is set and SWIFT_OPTIMIZATION_LEVEL=-O, expected -Onone (in target 'GoogleDataTransport-GoogleDataTransport_Privacy' from project 'Pods')
    note: Disabling previews because SWIFT_VERSION is set and SWIFT_OPTIMIZATION_LEVEL=-O, expected -Onone (in target 'GTMSessionFetcher-GTMSessionFetcher_Core_Privacy' from project 'Pods')
    note: Disabling previews because SWIFT_VERSION is set and SWIFT_OPTIMIZATION_LEVEL=-O, expected -Onone (in target 'FirebaseRemoteConfig-FirebaseRemoteConfig_Privacy' from project 'Pods')
    note: Disabling previews because SWIFT_VERSION is set and SWIFT_OPTIMIZATION_LEVEL=-O, expected -Onone (in target 'FirebaseMessaging-FirebaseMessaging_Privacy' from project 'Pods')
    note: Disabling previews because SWIFT_VERSION is set and SWIFT_OPTIMIZATION_LEVEL=-O, expected -Onone (in target 'FirebaseInstallations-FirebaseInstallations_Privacy' from project 'Pods')
    note: Disabling previews because SWIFT_VERSION is set and SWIFT_OPTIMIZATION_LEVEL=-O, expected -Onone (in target 'FirebaseCrashlytics-FirebaseCrashlytics_Privacy' from project 'Pods')
    note: Disabling previews because SWIFT_VERSION is set and SWIFT_OPTIMIZATION_LEVEL=-O, expected -Onone (in target 'FirebaseCoreInternal-FirebaseCoreInternal_Privacy' from project 'Pods')
    note: Disabling previews because SWIFT_VERSION is set and SWIFT_OPTIMIZATION_LEVEL=-O, expected -Onone (in target 'FirebaseCoreExtension-FirebaseCoreExtension_Privacy' from project 'Pods')
    note: Disabling previews because SWIFT_VERSION is set and SWIFT_OPTIMIZATION_LEVEL=-O, expected -Onone (in target 'FirebaseAuth-FirebaseAuth_Privacy' from project 'Pods')
    note: Disabling previews because SWIFT_VERSION is set and SWIFT_OPTIMIZATION_LEVEL=-O, expected -Onone (in target 'FirebaseABTesting-FirebaseABTesting_Privacy' from project 'Pods')
    note: Disabling previews because SWIFT_VERSION is set and SWIFT_OPTIMIZATION_LEVEL=-O, expected -Onone (in target 'DKPhotoGallery-DKPhotoGallery' from project 'Pods')
    note: Disabling previews because SWIFT_VERSION is set and SWIFT_OPTIMIZATION_LEVEL=-O, expected -Onone (in target 'FirebaseAppCheckInterop' from project 'Pods')
    note: Disabling previews because SWIFT_VERSION is set and SWIFT_OPTIMIZATION_LEVEL=-O, expected -Onone (in target 'GoogleMaps' from project 'Pods')
    note: Disabling previews because SWIFT_VERSION is set and SWIFT_OPTIMIZATION_LEVEL=-O, expected -Onone (in target 'Toast' from project 'Pods')
    note: Disabling previews because SWIFT_VERSION is set and SWIFT_OPTIMIZATION_LEVEL=-O, expected -Onone (in target 'SDWebImage' from project 'Pods')
    note: Disabling previews because SWIFT_VERSION is set and SWIFT_OPTIMIZATION_LEVEL=-O, expected -Onone (in target 'ReachabilitySwift' from project 'Pods')
    note: Disabling previews because SWIFT_VERSION is set and SWIFT_OPTIMIZATION_LEVEL=-O, expected -Onone (in target 'PromisesObjC' from project 'Pods')
    note: Disabling previews because SWIFT_VERSION is set and SWIFT_OPTIMIZATION_LEVEL=-O, expected -Onone (in target 'Google-Maps-iOS-Utils' from project 'Pods')
    note: Disabling previews because SWIFT_VERSION is set and SWIFT_OPTIMIZATION_LEVEL=-O, expected -Onone (in target 'SwiftyGif' from project 'Pods')
    note: Disabling previews because SWIFT_VERSION is set and SWIFT_OPTIMIZATION_LEVEL=-O, expected -Onone (in target 'GoogleUtilities' from project 'Pods')
    note: Disabling previews because SWIFT_VERSION is set and SWIFT_OPTIMIZATION_LEVEL=-O, expected -Onone (in target 'DKPhotoGallery' from project 'Pods')
    note: Disabling previews because SWIFT_VERSION is set and SWIFT_OPTIMIZATION_LEVEL=-O, expected -Onone (in target 'FirebaseCoreInternal' from project 'Pods')
    note: Disabling previews because SWIFT_VERSION is set and SWIFT_OPTIMIZATION_LEVEL=-O, expected -Onone (in target 'nanopb' from project 'Pods')
    note: Disabling previews because SWIFT_VERSION is set and SWIFT_OPTIMIZATION_LEVEL=-O, expected -Onone (in target 'DKImagePickerController' from project 'Pods')
    note: Disabling previews because SWIFT_VERSION is set and SWIFT_OPTIMIZATION_LEVEL=-O, expected -Onone (in target 'FirebaseCore' from project 'Pods')
    note: Disabling previews because SWIFT_VERSION is set and SWIFT_OPTIMIZATION_LEVEL=-O, expected -Onone (in target 'GoogleAppMeasurement' from project 'Pods')
    note: Disabling previews because SWIFT_VERSION is set and SWIFT_OPTIMIZATION_LEVEL=-O, expected -Onone (in target 'GTMSessionFetcher' from project 'Pods')
    note: Disabling previews because SWIFT_VERSION is set and SWIFT_OPTIMIZATION_LEVEL=-O, expected -Onone (in target 'FirebaseInstallations' from project 'Pods')
    note: Disabling previews because SWIFT_VERSION is set and SWIFT_OPTIMIZATION_LEVEL=-O, expected -Onone (in target 'FirebaseCoreExtension' from project 'Pods')
    note: Disabling previews because SWIFT_VERSION is set and SWIFT_OPTIMIZATION_LEVEL=-O, expected -Onone (in target 'FirebaseABTesting' from project 'Pods')
    note: Disabling previews because SWIFT_VERSION is set and SWIFT_OPTIMIZATION_LEVEL=-O, expected -Onone (in target 'FirebaseRemoteConfigInterop' from project 'Pods')
    note: Disabling previews because SWIFT_VERSION is set and SWIFT_OPTIMIZATION_LEVEL=-O, expected -Onone (in target 'GoogleDataTransport' from project 'Pods')
    note: Disabling previews because SWIFT_VERSION is set and SWIFT_OPTIMIZATION_LEVEL=-O, expected -Onone (in target 'RecaptchaInterop' from project 'Pods')
    note: Disabling previews because SWIFT_VERSION is set and SWIFT_OPTIMIZATION_LEVEL=-O, expected -Onone (in target 'FirebaseSharedSwift' from project 'Pods')
    note: Disabling previews because SWIFT_VERSION is set and SWIFT_OPTIMIZATION_LEVEL=-O, expected -Onone (in target 'PromisesSwift' from project 'Pods')
    note: Disabling previews because SWIFT_VERSION is set and SWIFT_OPTIMIZATION_LEVEL=-O, expected -Onone (in target 'FirebaseSessions' from project 'Pods')
    note: Disabling previews because SWIFT_VERSION is set and SWIFT_OPTIMIZATION_LEVEL=-O, expected -Onone (in target 'FirebaseAnalytics' from project 'Pods')
    note: Disabling previews because SWIFT_VERSION is set and SWIFT_OPTIMIZATION_LEVEL=-O, expected -Onone (in target 'FirebaseAuth' from project 'Pods')
    note: Disabling previews because SWIFT_VERSION is set and SWIFT_OPTIMIZATION_LEVEL=-O, expected -Onone (in target 'FirebaseCrashlytics' from project 'Pods')
    note: Disabling previews because SWIFT_VERSION is set and SWIFT_OPTIMIZATION_LEVEL=-O, expected -Onone (in target 'FirebaseMessaging' from project 'Pods')
    note: Disabling previews because SWIFT_VERSION is set and SWIFT_OPTIMIZATION_LEVEL=-O, expected -Onone (in target 'FirebaseRemoteConfig' from project 'Pods')
    note: Disabling previews because SWIFT_VERSION is set and SWIFT_OPTIMIZATION_LEVEL=-O, expected -Onone (in target 'battery_plus' from project 'Pods')
    note: Disabling previews because SWIFT_VERSION is set and SWIFT_OPTIMIZATION_LEVEL=-O, expected -Onone (in target 'firebase_core' from project 'Pods')
    note: Disabling previews because SWIFT_VERSION is set and SWIFT_OPTIMIZATION_LEVEL=-O, expected -Onone (in target 'connectivity_plus' from project 'Pods')
    note: Disabling previews because SWIFT_VERSION is set and SWIFT_OPTIMIZATION_LEVEL=-O, expected -Onone (in target 'device_info_plus' from project 'Pods')
    note: Disabling previews because SWIFT_VERSION is set and SWIFT_OPTIMIZATION_LEVEL=-O, expected -Onone (in target 'file_picker' from project 'Pods')
    note: Disabling previews because SWIFT_VERSION is set and SWIFT_OPTIMIZATION_LEVEL=-O, expected -Onone (in target 'firebase_analytics' from project 'Pods')
    note: Disabling previews because SWIFT_VERSION is set and SWIFT_OPTIMIZATION_LEVEL=-O, expected -Onone (in target 'firebase_auth' from project 'Pods')
    note: Disabling previews because SWIFT_VERSION is set and SWIFT_OPTIMIZATION_LEVEL=-O, expected -Onone (in target 'firebase_crashlytics' from project 'Pods')
    note: Disabling previews because SWIFT_VERSION is set and SWIFT_OPTIMIZATION_LEVEL=-O, expected -Onone (in target 'firebase_messaging' from project 'Pods')
    note: Disabling previews because SWIFT_VERSION is set and SWIFT_OPTIMIZATION_LEVEL=-O, expected -Onone (in target 'firebase_remote_config' from project 'Pods')
    note: Disabling previews because SWIFT_VERSION is set and SWIFT_OPTIMIZATION_LEVEL=-O, expected -Onone (in target 'flutter_background_service_ios' from project 'Pods')
    note: Disabling previews because SWIFT_VERSION is set and SWIFT_OPTIMIZATION_LEVEL=-O, expected -Onone (in target 'flutter_local_notifications' from project 'Pods')
    note: Disabling previews because SWIFT_VERSION is set and SWIFT_OPTIMIZATION_LEVEL=-O, expected -Onone (in target 'fluttertoast' from project 'Pods')
    note: Disabling previews because SWIFT_VERSION is set and SWIFT_OPTIMIZATION_LEVEL=-O, expected -Onone (in target 'geocoding_ios' from project 'Pods')
    warning: no rule to process file '/Users/deltainfosoft/.pub-cache/hosted/pub.dev/geocoding_ios-3.1.0/ios/geocoding_ios/Sources/geocoding_ios/PrivacyInfo.xcprivacy' of type 'text.xml' for architecture 'arm64' (in target 'geocoding_ios' from project 'Pods')
    note: Disabling previews because SWIFT_VERSION is set and SWIFT_OPTIMIZATION_LEVEL=-O, expected -Onone (in target 'geolocator_apple' from project 'Pods')
    note: Disabling previews because SWIFT_VERSION is set and SWIFT_OPTIMIZATION_LEVEL=-O, expected -Onone (in target 'google_maps_flutter_ios' from project 'Pods')
    note: Disabling previews because SWIFT_VERSION is set and SWIFT_OPTIMIZATION_LEVEL=-O, expected -Onone (in target 'image_picker_ios' from project 'Pods')
    note: Disabling previews because SWIFT_VERSION is set and SWIFT_OPTIMIZATION_LEVEL=-O, expected -Onone (in target 'package_info_plus' from project 'Pods')
    note: Disabling previews because SWIFT_VERSION is set and SWIFT_OPTIMIZATION_LEVEL=-O, expected -Onone (in target 'path_provider_foundation' from project 'Pods')
    note: Disabling previews because SWIFT_VERSION is set and SWIFT_OPTIMIZATION_LEVEL=-O, expected -Onone (in target 'permission_handler_apple' from project 'Pods')
    note: Disabling previews because SWIFT_VERSION is set and SWIFT_OPTIMIZATION_LEVEL=-O, expected -Onone (in target 'shared_preferences_foundation' from project 'Pods')
    note: Disabling previews because SWIFT_VERSION is set and SWIFT_OPTIMIZATION_LEVEL=-O, expected -Onone (in target 'webview_flutter_wkwebview' from project 'Pods')
    note: Disabling previews because SWIFT_VERSION is set and SWIFT_OPTIMIZATION_LEVEL=-O, expected -Onone (in target 'Pods-Runner' from project 'Pods')
    note: Disabling previews because SWIFT_VERSION is set and SWIFT_OPTIMIZATION_LEVEL=-O, expected -Onone (in target 'Runner' from project 'Runner')
    note: Run script build phase 'Run Script' will be run during every build because the option to run the script phase "Based on dependency analysis" is unchecked. (in target 'Runner' from project 'Runner')
    note: Run script build phase 'Thin Binary' will be run during every build because the option to run the script phase "Based on dependency analysis" is unchecked. (in target 'Runner' from project 'Runner')
    warning: Run script build phase 'FlutterFire: "flutterfire upload-crashlytics-symbols"' will be run during every build because it does not specify any outputs. To address this issue, either add output dependencies to the script phase, or configure it to run in every build by unchecking "Based on dependency analysis" in the script phase. (in target 'Runner' from project 'Runner')
    note: Disabling previews because SWIFT_VERSION is set and SWIFT_OPTIMIZATION_LEVEL=-O, expected -Onone (in target 'Flutter' from project 'Pods')
    note: Disabling previews because SWIFT_VERSION is set and SWIFT_OPTIMIZATION_LEVEL=-O, expected -Onone (in target 'Firebase' from project 'Pods')

Encountered error while building for device.
